[19-07-2026 09:10:08][10 - Belgian_Grand_Prix] - Generated Training dataset: Updated files oracle_v1.csv and pickle file
[19-07-2026 09:11:39][10 - Belgian_Grand_Prix] - Generated Feature Dataset: oracle_v2.csv
[19-07-2026 09:14:03][10 - Belgian_Grand_Prix] - Generated Training Dataset
[19-07-2026 09:15:20][10 - Belgian_Grand_Prix] - Trained Random Forest model on new datas
[19-07-2026 09:21:03][10 - Belgian_Grand_Prix] - Performed Postquali check and updated grid
[19-07-2026 09:21:51][10 - Belgian_Grand_Prix] - Race Prediction Generated
[21-07-2026 20:18:29][10 - Belgian_Grand_Prix] - Performed post race routines: Calculated Errors

[26-07-2026 18:05:14][11 - Hungarian_Grand_Prix] - Generated Training dataset: Updated files oracle_v1.csv and pickle file
[26-07-2026 18:05:15][11 - Hungarian_Grand_Prix] - Generated Feature Dataset: oracle_v2.csv
[26-07-2026 18:05:16][11 - Hungarian_Grand_Prix] - Generated Training Dataset
[26-07-2026 18:05:29][11 - Hungarian_Grand_Prix] - Trained Random Forest model on new datas
[26-07-2026 18:10:00][11 - Hungarian_Grand_Prix] - Performed Postquali check and updated grid
[26-07-2026 18:10:02][11 - Hungarian_Grand_Prix] - Race Prediction Generated
[28-07-2026 19:38:37][11 - Hungarian_Grand_Prix] - Performed post race routines: Calculated Errors

[23-08-2026 18:13:32][12 - Dutch_Grand_Prix] - Generated Training dataset: Updated files oracle_v1.csv and pickle file
[23-08-2026 18:13:34][12 - Dutch_Grand_Prix] - Generated Feature Dataset: oracle_v2.csv
[23-08-2026 18:13:34][12 - Dutch_Grand_Prix] - Generated Training Dataset
[23-08-2026 18:13:38][12 - Dutch_Grand_Prix] - Trained Random Forest model on new datas
[23-08-2026 18:15:41][12 - Dutch_Grand_Prix] - Performed Postquali check and updated grid
[23-08-2026 18:15:43][12 - Dutch_Grand_Prix] - Race Prediction Generated
[31-08-2026 09:48:14][12 - Dutch_Grand_Prix] - Performed post race routines: Calculated Errors

[06-09-2026 10:07:05][13 - Italian_Grand_Prix] - Generated Training dataset: Updated files oracle_v1.csv and pickle file
[06-09-2026 10:07:07][13 - Italian_Grand_Prix] - Generated Feature Dataset: oracle_v2.csv
[06-09-2026 10:07:09][13 - Italian_Grand_Prix] - Trained Random Forest model on new datas
[06-09-2026 10:10:31][13 - Italian_Grand_Prix] - Performed Postquali check and updated grid
[06-09-2026 10:10:33][13 - Italian_Grand_Prix] - Race Prediction Generated
[07-09-2026 09:46:57][13 - Italian_Grand_Prix] - Performed post race routines: Calculated Errors

[13-09-2026 01:22:48][14 - Spanish_Grand_Prix] - Generated Training dataset: Updated files oracle_v1.csv and pickle file
[13-09-2026 01:22:55][14 - Spanish_Grand_Prix] - Generated Feature Dataset: oracle_v2.csv — years [np.int64(2022), np.int64(2023), np.int64(2024), np.int64(2025), np.int64(2026)]
[13-09-2026 01:22:57][14 - Spanish_Grand_Prix] - Trained Random Forest model on new datas
[13-09-2026 01:23:37][14 - Spanish_Grand_Prix] - Post-quali complete: Spanish_Grand_Prix R14 — hybrid FastF1 + FIA grid
[13-09-2026 01:23:38][14 - Spanish_Grand_Prix] - Race Prediction Generateds
[14-09-2026 08:29:49][14 - Spanish_Grand_Prix] - Performed post race routines: Calculated Errors

[26-09-2026 14:22:22][15 - Azerbaijan_Grand_Prix] - Generated Training dataset: Updated files oracle_v1.csv and pickle file
[26-09-2026 14:22:33][15 - Azerbaijan_Grand_Prix] - Generated Feature Dataset: oracle_v2.csv — years [2022, 2023, 2024, 2025, 2026]
[26-09-2026 14:22:35][15 - Azerbaijan_Grand_Prix] - Generated Training Dataset
[26-09-2026 14:22:38][15 - Azerbaijan_Grand_Prix] - Trained Random Forest model on new datas
[26-09-2026 14:29:11][15 - Azerbaijan_Grand_Prix] - Post-quali complete: Azerbaijan_Grand_Prix R15 — hybrid FastF1 + FIA grid
[26-09-2026 14:29:13][15 - Azerbaijan_Grand_Prix] - Race Prediction Generated
[27-09-2026 18:27:04][15 - Azerbaijan_Grand_Prix] - Performed post race routines: Calculated Errors
[04-10-2026 08:19:55][16 - Bahrain_Grand_Prix] - Generated Training dataset: Updated files oracle_v1.csv and pickle file
[04-10-2026 08:20:02][16 - Bahrain_Grand_Prix] - Generated Feature Dataset: oracle_v2.csv — years [2022, 2023, 2024, 2025, 2026]
[04-10-2026 08:20:02][16 - Bahrain_Grand_Prix] - Generated Training Dataset
[04-10-2026 08:20:17][16 - Bahrain_Grand_Prix] - Trained Random Forest model on new datas
[04-10-2026 08:28:46][16 - Bahrain_Grand_Prix] - Post-quali complete: Bahrain_Grand_Prix R16 — hybrid FastF1 + FIA grid
[04-10-2026 08:28:49][16 - Bahrain_Grand_Prix] - Race Prediction Generated
